2025-11-30T00:25:13.664+09:00 DEBUG 33388 --- [http-nio-8080-exec-4] o.s.security.web.FilterChainProxy        : Securing GET /api/keywords/recommended
2025-11-30T00:25:13.664+09:00 DEBUG 33388 --- [http-nio-8080-exec-5] o.s.security.web.FilterChainProxy        : Securing GET /api/reviews/recent
2025-11-30T00:25:13.664+09:00 DEBUG 33388 --- [http-nio-8080-exec-2] o.s.security.web.FilterChainProxy        : Securing GET /api/lightning-deals
2025-11-30T00:25:13.664+09:00 DEBUG 33388 --- [http-nio-8080-exec-10] o.s.security.web.FilterChainProxy        : Securing GET /api/categories
2025-11-30T00:25:13.664+09:00 DEBUG 33388 --- [http-nio-8080-exec-9] o.s.security.web.FilterChainProxy        : Securing GET /api/products?page=0&size=12
2025-11-30T00:25:13.713+09:00 DEBUG 33388 --- [http-nio-8080-exec-4] o.s.s.w.a.AnonymousAuthenticationFilter  : Set SecurityContextHolder to anonymous SecurityContext
2025-11-30T00:25:13.713+09:00 DEBUG 33388 --- [http-nio-8080-exec-5] o.s.s.w.a.AnonymousAuthenticationFilter  : Set SecurityContextHolder to anonymous SecurityContext
2025-11-30T00:25:13.713+09:00 DEBUG 33388 --- [http-nio-8080-exec-2] o.s.s.w.a.AnonymousAuthenticationFilter  : Set SecurityContextHolder to anonymous SecurityContext
2025-11-30T00:25:13.713+09:00 DEBUG 33388 --- [http-nio-8080-exec-10] o.s.s.w.a.AnonymousAuthenticationFilter  : Set SecurityContextHolder to anonymous SecurityContext
2025-11-30T00:25:13.713+09:00 DEBUG 33388 --- [http-nio-8080-exec-9] o.s.s.w.a.AnonymousAuthenticationFilter  : Set SecurityContextHolder to anonymous SecurityContext
2025-11-30T00:25:13.716+09:00 DEBUG 33388 --- [http-nio-8080-exec-4] o.s.security.web.FilterChainProxy        : Secured GET /api/keywords/recommended
2025-11-30T00:25:13.717+09:00 DEBUG 33388 --- [http-nio-8080-exec-5] o.s.security.web.FilterChainProxy        : Secured GET /api/reviews/recent
2025-11-30T00:25:13.717+09:00 DEBUG 33388 --- [http-nio-8080-exec-2] o.s.security.web.FilterChainProxy        : Secured GET /api/lightning-deals
2025-11-30T00:25:13.718+09:00 DEBUG 33388 --- [http-nio-8080-exec-9] o.s.security.web.FilterChainProxy        : Secured GET /api/products?page=0&size=12
2025-11-30T00:25:13.718+09:00 DEBUG 33388 --- [http-nio-8080-exec-10] o.s.s.w.a.Http403ForbiddenEntryPoint     : Pre-authenticated entry point called. Rejecting access
2025-11-30T00:25:13.721+09:00  INFO 33388 --- [http-nio-8080-exec-9] c.e.s.d.p.controller.ProductController   : getProducts called: categoryId=null, minPrice=null, maxPrice=null, keyword=null, pageable=Page request [number: 0, size 12, sort: UNSORTED]
2025-11-30T00:25:13.723+09:00 DEBUG 33388 --- [http-nio-8080-exec-10] o.s.security.web.FilterChainProxy        : Securing GET /error
2025-11-30T00:25:13.725+09:00  INFO 33388 --- [http-nio-8080-exec-9] c.e.s.d.p.s.impl.ProductServiceImpl      : ProductService.getProductList called with: categoryId=null, sort=null, minPrice=null, maxPrice=null, keyword=null, pageable=Page request [number: 0, size 12, sort: UNSORTED]
2025-11-30T00:25:13.727+09:00 DEBUG 33388 --- [http-nio-8080-exec-10] o.s.s.w.a.AnonymousAuthenticationFilter  : Set SecurityContextHolder to anonymous SecurityContext
2025-11-30T00:25:13.730+09:00 DEBUG 33388 --- [http-nio-8080-exec-10] o.s.s.w.a.Http403ForbiddenEntryPoint     : Pre-authenticated entry point called. Rejecting access
2025-11-30T00:25:13.739+09:00  INFO 33388 --- [http-nio-8080-exec-9] c.e.s.d.p.controller.ProductController   : getProducts result count: 3
2025-11-30T00:25:13.744+09:00 DEBUG 33388 --- [http-nio-8080-exec-1] o.s.security.web.FilterChainProxy        : Securing GET /api/cart
2025-11-30T00:25:13.744+09:00 DEBUG 33388 --- [http-nio-8080-exec-1] o.s.s.w.a.AnonymousAuthenticationFilter  : Set SecurityContextHolder to anonymous SecurityContext
2025-11-30T00:25:13.744+09:00 DEBUG 33388 --- [http-nio-8080-exec-8] o.s.security.web.FilterChainProxy        : Securing GET /api/orders
2025-11-30T00:25:13.746+09:00 DEBUG 33388 --- [http-nio-8080-exec-1] o.s.security.web.FilterChainProxy        : Secured GET /api/cart
2025-11-30T00:25:13.746+09:00 DEBUG 33388 --- [http-nio-8080-exec-8] o.s.s.w.a.AnonymousAuthenticationFilter  : Set SecurityContextHolder to anonymous SecurityContext
2025-11-30T00:25:13.746+09:00 DEBUG 33388 --- [http-nio-8080-exec-3] o.s.security.web.FilterChainProxy        : Securing GET /api/reviews/1
2025-11-30T00:25:13.746+09:00 DEBUG 33388 --- [http-nio-8080-exec-3] o.s.s.w.a.AnonymousAuthenticationFilter  : Set SecurityContextHolder to anonymous SecurityContext
2025-11-30T00:25:13.746+09:00 DEBUG 33388 --- [http-nio-8080-exec-8] o.s.security.web.FilterChainProxy        : Secured GET /api/orders
2025-11-30T00:25:13.749+09:00 DEBUG 33388 --- [http-nio-8080-exec-3] o.s.security.web.FilterChainProxy        : Secured GET /api/reviews/1
2025-11-30T00:31:37.842+09:00 DEBUG 33388 --- [http-nio-8080-exec-9] o.s.security.web.FilterChainProxy        : Securing GET /api/products?page=0&size=12
2025-11-30T00:31:37.842+09:00 DEBUG 33388 --- [http-nio-8080-exec-1] o.s.security.web.FilterChainProxy        : Securing GET /api/lightning-deals
2025-11-30T00:31:37.842+09:00 DEBUG 33388 --- [http-nio-8080-exec-10] o.s.security.web.FilterChainProxy        : Securing GET /api/categories
2025-11-30T00:31:37.842+09:00 DEBUG 33388 --- [http-nio-8080-exec-3] o.s.security.web.FilterChainProxy        : Securing GET /api/reviews/recent
2025-11-30T00:31:37.842+09:00 DEBUG 33388 --- [http-nio-8080-exec-9] o.s.s.w.a.AnonymousAuthenticationFilter  : Set SecurityContextHolder to anonymous SecurityContext
2025-11-30T00:31:37.842+09:00 DEBUG 33388 --- [http-nio-8080-exec-1] o.s.s.w.a.AnonymousAuthenticationFilter  : Set SecurityContextHolder to anonymous SecurityContext
2025-11-30T00:31:37.844+09:00 DEBUG 33388 --- [http-nio-8080-exec-8] o.s.security.web.FilterChainProxy        : Securing GET /api/keywords/recommended
2025-11-30T00:31:37.842+09:00 DEBUG 33388 --- [http-nio-8080-exec-10] o.s.s.w.a.AnonymousAuthenticationFilter  : Set SecurityContextHolder to anonymous SecurityContext
2025-11-30T00:31:37.844+09:00 DEBUG 33388 --- [http-nio-8080-exec-3] o.s.s.w.a.AnonymousAuthenticationFilter  : Set SecurityContextHolder to anonymous SecurityContext
2025-11-30T00:31:37.844+09:00 DEBUG 33388 --- [http-nio-8080-exec-8] o.s.s.w.a.AnonymousAuthenticationFilter  : Set SecurityContextHolder to anonymous SecurityContext
2025-11-30T00:31:37.844+09:00 DEBUG 33388 --- [http-nio-8080-exec-1] o.s.security.web.FilterChainProxy        : Secured GET /api/lightning-deals
2025-11-30T00:31:37.844+09:00 DEBUG 33388 --- [http-nio-8080-exec-9] o.s.security.web.FilterChainProxy        : Secured GET /api/products?page=0&size=12
2025-11-30T00:31:37.844+09:00 DEBUG 33388 --- [http-nio-8080-exec-3] o.s.security.web.FilterChainProxy        : Secured GET /api/reviews/recent
2025-11-30T00:31:37.844+09:00 DEBUG 33388 --- [http-nio-8080-exec-8] o.s.security.web.FilterChainProxy        : Secured GET /api/keywords/recommended
2025-11-30T00:31:37.844+09:00 DEBUG 33388 --- [http-nio-8080-exec-10] o.s.s.w.a.Http403ForbiddenEntryPoint     : Pre-authenticated entry point called. Rejecting access
2025-11-30T00:31:37.844+09:00  INFO 33388 --- [http-nio-8080-exec-9] c.e.s.d.p.controller.ProductController   : getProducts called: categoryId=null, minPrice=null, maxPrice=null, keyword=null, pageable=Page request [number: 0, size 12, sort: UNSORTED]
2025-11-30T00:31:37.846+09:00 DEBUG 33388 --- [http-nio-8080-exec-10] o.s.security.web.FilterChainProxy        : Securing GET /error
2025-11-30T00:31:37.848+09:00  INFO 33388 --- [http-nio-8080-exec-9] c.e.s.d.p.s.impl.ProductServiceImpl      : ProductService.getProductList called with: categoryId=null, sort=null, minPrice=null, maxPrice=null, keyword=null, pageable=Page request [number: 0, size 12, sort: UNSORTED]
2025-11-30T00:31:37.851+09:00 DEBUG 33388 --- [http-nio-8080-exec-10] o.s.s.w.a.AnonymousAuthenticationFilter  : Set SecurityContextHolder to anonymous SecurityContext
2025-11-30T00:31:37.852+09:00 DEBUG 33388 --- [http-nio-8080-exec-10] o.s.s.w.a.Http403ForbiddenEntryPoint     : Pre-authenticated entry point called. Rejecting access
2025-11-30T00:31:37.860+09:00  INFO 33388 --- [http-nio-8080-exec-9] c.e.s.d.p.controller.ProductController   : getProducts result count: 3
2025-11-30T00:31:37.865+09:00 DEBUG 33388 --- [http-nio-8080-exec-6] o.s.security.web.FilterChainProxy        : Securing GET /api/cart
2025-11-30T00:31:37.865+09:00 DEBUG 33388 --- [http-nio-8080-exec-6] o.s.s.w.a.AnonymousAuthenticationFilter  : Set SecurityContextHolder to anonymous SecurityContext
2025-11-30T00:31:37.866+09:00 DEBUG 33388 --- [http-nio-8080-exec-7] o.s.security.web.FilterChainProxy        : Securing GET /api/orders
2025-11-30T00:31:37.866+09:00 DEBUG 33388 --- [http-nio-8080-exec-7] o.s.s.w.a.AnonymousAuthenticationFilter  : Set SecurityContextHolder to anonymous SecurityContext
2025-11-30T00:31:37.866+09:00 DEBUG 33388 --- [http-nio-8080-exec-6] o.s.security.web.FilterChainProxy        : Secured GET /api/cart
2025-11-30T00:31:37.868+09:00 DEBUG 33388 --- [http-nio-8080-exec-4] o.s.security.web.FilterChainProxy        : Securing GET /api/reviews/1
2025-11-30T00:31:37.869+09:00 DEBUG 33388 --- [http-nio-8080-exec-4] o.s.s.w.a.AnonymousAuthenticationFilter  : Set SecurityContextHolder to anonymous SecurityContext
2025-11-30T00:31:37.869+09:00 DEBUG 33388 --- [http-nio-8080-exec-7] o.s.security.web.FilterChainProxy        : Secured GET /api/orders
2025-11-30T00:31:37.872+09:00 DEBUG 33388 --- [http-nio-8080-exec-4] o.s.security.web.FilterChainProxy        : Secured GET /api/reviews/1
2025-11-30T00:35:22.647+09:00 DEBUG 33388 --- [http-nio-8080-exec-10] o.s.security.web.FilterChainProxy        : Securing GET /api/categories
2025-11-30T00:35:22.647+09:00 DEBUG 33388 --- [http-nio-8080-exec-9] o.s.security.web.FilterChainProxy        : Securing GET /api/products?page=0&size=12
2025-11-30T00:35:22.647+09:00 DEBUG 33388 --- [http-nio-8080-exec-10] o.s.s.w.a.AnonymousAuthenticationFilter  : Set SecurityContextHolder to anonymous SecurityContext
2025-11-30T00:35:22.647+09:00 DEBUG 33388 --- [http-nio-8080-exec-9] o.s.s.w.a.AnonymousAuthenticationFilter  : Set SecurityContextHolder to anonymous SecurityContext
2025-11-30T00:35:22.649+09:00 DEBUG 33388 --- [http-nio-8080-exec-9] o.s.security.web.FilterChainProxy        : Secured GET /api/products?page=0&size=12
2025-11-30T00:35:22.649+09:00 DEBUG 33388 --- [http-nio-8080-exec-6] o.s.security.web.FilterChainProxy        : Securing GET /api/keywords/recommended
2025-11-30T00:35:22.650+09:00 DEBUG 33388 --- [http-nio-8080-exec-6] o.s.s.w.a.AnonymousAuthenticationFilter  : Set SecurityContextHolder to anonymous SecurityContext
2025-11-30T00:35:22.651+09:00 DEBUG 33388 --- [http-nio-8080-exec-6] o.s.security.web.FilterChainProxy        : Secured GET /api/keywords/recommended
2025-11-30T00:35:22.653+09:00 DEBUG 33388 --- [http-nio-8080-exec-4] o.s.security.web.FilterChainProxy        : Securing GET /api/lightning-deals
2025-11-30T00:35:22.653+09:00  INFO 33388 --- [http-nio-8080-exec-9] c.e.s.d.p.controller.ProductController   : getProducts called: categoryId=null, minPrice=null, maxPrice=null, keyword=null, pageable=Page request [number: 0, size 12, sort: UNSORTED]
2025-11-30T00:35:22.654+09:00 DEBUG 33388 --- [http-nio-8080-exec-7] o.s.security.web.FilterChainProxy        : Securing GET /api/reviews/recent
2025-11-30T00:35:22.654+09:00 DEBUG 33388 --- [http-nio-8080-exec-4] o.s.s.w.a.AnonymousAuthenticationFilter  : Set SecurityContextHolder to anonymous SecurityContext
2025-11-30T00:35:22.654+09:00 DEBUG 33388 --- [http-nio-8080-exec-10] o.s.s.w.a.Http403ForbiddenEntryPoint     : Pre-authenticated entry point called. Rejecting access
2025-11-30T00:35:22.659+09:00 DEBUG 33388 --- [http-nio-8080-exec-4] o.s.security.web.FilterChainProxy        : Secured GET /api/lightning-deals
2025-11-30T00:35:22.658+09:00 DEBUG 33388 --- [http-nio-8080-exec-7] o.s.s.w.a.AnonymousAuthenticationFilter  : Set SecurityContextHolder to anonymous SecurityContext
2025-11-30T00:35:22.658+09:00  INFO 33388 --- [http-nio-8080-exec-9] c.e.s.d.p.s.impl.ProductServiceImpl      : ProductService.getProductList called with: categoryId=null, sort=null, minPrice=null, maxPrice=null, keyword=null, pageable=Page request [number: 0, size 12, sort: UNSORTED]
2025-11-30T00:35:22.659+09:00 DEBUG 33388 --- [http-nio-8080-exec-10] o.s.security.web.FilterChainProxy        : Securing GET /error
2025-11-30T00:35:22.660+09:00 DEBUG 33388 --- [http-nio-8080-exec-7] o.s.security.web.FilterChainProxy        : Secured GET /api/reviews/recent
2025-11-30T00:35:22.676+09:00 DEBUG 33388 --- [http-nio-8080-exec-10] o.s.s.w.a.AnonymousAuthenticationFilter  : Set SecurityContextHolder to anonymous SecurityContext
2025-11-30T00:35:22.678+09:00 DEBUG 33388 --- [http-nio-8080-exec-10] o.s.s.w.a.Http403ForbiddenEntryPoint     : Pre-authenticated entry point called. Rejecting access
2025-11-30T00:35:22.681+09:00  INFO 33388 --- [http-nio-8080-exec-9] c.e.s.d.p.controller.ProductController   : getProducts result count: 3
2025-11-30T00:35:22.692+09:00 DEBUG 33388 --- [http-nio-8080-exec-2] o.s.security.web.FilterChainProxy        : Securing GET /api/cart
2025-11-30T00:35:22.692+09:00 DEBUG 33388 --- [http-nio-8080-exec-2] o.s.s.w.a.AnonymousAuthenticationFilter  : Set SecurityContextHolder to anonymous SecurityContext
2025-11-30T00:35:22.695+09:00 DEBUG 33388 --- [http-nio-8080-exec-2] o.s.security.web.FilterChainProxy        : Secured GET /api/cart
2025-11-30T00:35:22.698+09:00 DEBUG 33388 --- [http-nio-8080-exec-5] o.s.security.web.FilterChainProxy        : Securing GET /api/orders
2025-11-30T00:35:22.701+09:00 DEBUG 33388 --- [http-nio-8080-exec-5] o.s.s.w.a.AnonymousAuthenticationFilter  : Set SecurityContextHolder to anonymous SecurityContext
2025-11-30T00:35:22.703+09:00 DEBUG 33388 --- [http-nio-8080-exec-1] o.s.security.web.FilterChainProxy        : Securing GET /api/reviews/1
2025-11-30T00:35:22.704+09:00 DEBUG 33388 --- [http-nio-8080-exec-5] o.s.security.web.FilterChainProxy        : Secured GET /api/orders
2025-11-30T00:35:22.704+09:00 DEBUG 33388 --- [http-nio-8080-exec-1] o.s.s.w.a.AnonymousAuthenticationFilter  : Set SecurityContextHolder to anonymous SecurityContext
2025-11-30T00:35:22.721+09:00 DEBUG 33388 --- [http-nio-8080-exec-1] o.s.security.web.FilterChainProxy        : Secured GET /api/reviews/1
2025-11-30T00:35:23.105+09:00 DEBUG 33388 --- [http-nio-8080-exec-3] o.s.security.web.FilterChainProxy        : Securing GET /images/dea67809-91a7-43e3-9fa6-3d2969178841_1111.png
2025-11-30T00:35:23.106+09:00 DEBUG 33388 --- [http-nio-8080-exec-3] o.s.s.w.a.AnonymousAuthenticationFilter  : Set SecurityContextHolder to anonymous SecurityContext
2025-11-30T00:35:23.117+09:00 DEBUG 33388 --- [http-nio-8080-exec-3] o.s.security.web.FilterChainProxy        : Secured GET /images/dea67809-91a7-43e3-9fa6-3d2969178841_1111.png
2025-11-30T00:35:23.752+09:00 DEBUG 33388 --- [http-nio-8080-exec-8] o.s.security.web.FilterChainProxy        : Securing OPTIONS /api/cart
2025-11-30T00:35:23.752+09:00 DEBUG 33388 --- [http-nio-8080-exec-8] o.s.s.w.a.AnonymousAuthenticationFilter  : Set SecurityContextHolder to anonymous SecurityContext
2025-11-30T00:35:23.753+09:00 DEBUG 33388 --- [http-nio-8080-exec-6] o.s.security.web.FilterChainProxy        : Securing OPTIONS /api/members/me
2025-11-30T00:35:23.754+09:00 DEBUG 33388 --- [http-nio-8080-exec-6] o.s.s.w.a.AnonymousAuthenticationFilter  : Set SecurityContextHolder to anonymous SecurityContext
2025-11-30T00:35:23.754+09:00 DEBUG 33388 --- [http-nio-8080-exec-4] o.s.security.web.FilterChainProxy        : Securing OPTIONS /api/cart
2025-11-30T00:35:23.757+09:00 DEBUG 33388 --- [http-nio-8080-exec-7] o.s.security.web.FilterChainProxy        : Securing OPTIONS /api/members/me
2025-11-30T00:35:23.759+09:00 DEBUG 33388 --- [http-nio-8080-exec-4] o.s.s.w.a.AnonymousAuthenticationFilter  : Set SecurityContextHolder to anonymous SecurityContext
2025-11-30T00:35:23.759+09:00 DEBUG 33388 --- [http-nio-8080-exec-7] o.s.s.w.a.AnonymousAuthenticationFilter  : Set SecurityContextHolder to anonymous SecurityContext
2025-11-30T00:35:23.760+09:00 DEBUG 33388 --- [http-nio-8080-exec-8] o.s.security.web.FilterChainProxy        : Secured OPTIONS /api/cart
2025-11-30T00:35:23.763+09:00 DEBUG 33388 --- [http-nio-8080-exec-6] o.s.security.web.FilterChainProxy        : Secured OPTIONS /api/members/me
2025-11-30T00:35:23.764+09:00 DEBUG 33388 --- [http-nio-8080-exec-4] o.s.security.web.FilterChainProxy        : Secured OPTIONS /api/cart
2025-11-30T00:35:23.770+09:00 DEBUG 33388 --- [http-nio-8080-exec-7] o.s.security.web.FilterChainProxy        : Secured OPTIONS /api/members/me
2025-11-30T00:35:23.771+09:00 DEBUG 33388 --- [http-nio-8080-exec-10] o.s.security.web.FilterChainProxy        : Securing GET /api/cart
2025-11-30T00:35:23.772+09:00 DEBUG 33388 --- [http-nio-8080-exec-9] o.s.security.web.FilterChainProxy        : Securing GET /api/members/me
2025-11-30T00:35:23.777+09:00 DEBUG 33388 --- [http-nio-8080-exec-4] o.s.security.web.FilterChainProxy        : Securing GET /api/cart
2025-11-30T00:35:23.781+09:00 DEBUG 33388 --- [http-nio-8080-exec-7] o.s.security.web.FilterChainProxy        : Securing GET /api/members/me
2025-11-30T00:35:23.812+09:00 DEBUG 33388 --- [http-nio-8080-exec-10] o.s.s.w.a.AnonymousAuthenticationFilter  : Set SecurityContextHolder to anonymous SecurityContext
2025-11-30T00:35:23.813+09:00 DEBUG 33388 --- [http-nio-8080-exec-7] o.s.s.w.a.AnonymousAuthenticationFilter  : Set SecurityContextHolder to anonymous SecurityContext
2025-11-30T00:35:23.812+09:00 DEBUG 33388 --- [http-nio-8080-exec-4] o.s.s.w.a.AnonymousAuthenticationFilter  : Set SecurityContextHolder to anonymous SecurityContext
2025-11-30T00:35:23.813+09:00 DEBUG 33388 --- [http-nio-8080-exec-9] o.s.s.w.a.AnonymousAuthenticationFilter  : Set SecurityContextHolder to anonymous SecurityContext
2025-11-30T00:35:23.820+09:00 DEBUG 33388 --- [http-nio-8080-exec-7] o.s.security.web.FilterChainProxy        : Secured GET /api/members/me
2025-11-30T00:35:23.821+09:00 DEBUG 33388 --- [http-nio-8080-exec-4] o.s.security.web.FilterChainProxy        : Secured GET /api/cart
2025-11-30T00:35:23.830+09:00 DEBUG 33388 --- [http-nio-8080-exec-9] o.s.security.web.FilterChainProxy        : Secured GET /api/members/me
2025-11-30T00:35:23.846+09:00 DEBUG 33388 --- [http-nio-8080-exec-10] o.s.security.web.FilterChainProxy        : Secured GET /api/cart
2025-11-30T00:37:40.617+09:00 DEBUG 33388 --- [http-nio-8080-exec-2] o.s.security.web.FilterChainProxy        : Securing GET /api/categories
2025-11-30T00:37:40.617+09:00 DEBUG 33388 --- [http-nio-8080-exec-5] o.s.security.web.FilterChainProxy        : Securing GET /api/products?page=0&size=12
2025-11-30T00:37:40.618+09:00 DEBUG 33388 --- [http-nio-8080-exec-2] o.s.s.w.a.AnonymousAuthenticationFilter  : Set SecurityContextHolder to anonymous SecurityContext
2025-11-30T00:37:40.618+09:00 DEBUG 33388 --- [http-nio-8080-exec-5] o.s.s.w.a.AnonymousAuthenticationFilter  : Set SecurityContextHolder to anonymous SecurityContext
2025-11-30T00:37:40.619+09:00 DEBUG 33388 --- [http-nio-8080-exec-1] o.s.security.web.FilterChainProxy        : Securing GET /api/keywords/recommended
2025-11-30T00:37:40.619+09:00 DEBUG 33388 --- [http-nio-8080-exec-5] o.s.security.web.FilterChainProxy        : Secured GET /api/products?page=0&size=12
2025-11-30T00:37:40.620+09:00 DEBUG 33388 --- [http-nio-8080-exec-1] o.s.s.w.a.AnonymousAuthenticationFilter  : Set SecurityContextHolder to anonymous SecurityContext
2025-11-30T00:37:40.621+09:00 DEBUG 33388 --- [http-nio-8080-exec-2] o.s.s.w.a.Http403ForbiddenEntryPoint     : Pre-authenticated entry point called. Rejecting access
2025-11-30T00:37:40.622+09:00 DEBUG 33388 --- [http-nio-8080-exec-2] o.s.security.web.FilterChainProxy        : Securing GET /error
2025-11-30T00:37:40.622+09:00 DEBUG 33388 --- [http-nio-8080-exec-1] o.s.security.web.FilterChainProxy        : Secured GET /api/keywords/recommended
2025-11-30T00:37:40.622+09:00 DEBUG 33388 --- [http-nio-8080-exec-6] o.s.security.web.FilterChainProxy        : Securing GET /api/lightning-deals
2025-11-30T00:37:40.623+09:00 DEBUG 33388 --- [http-nio-8080-exec-3] o.s.security.web.FilterChainProxy        : Securing GET /api/reviews/recent
2025-11-30T00:37:40.623+09:00  INFO 33388 --- [http-nio-8080-exec-5] c.e.s.d.p.controller.ProductController   : getProducts called: categoryId=null, minPrice=null, maxPrice=null, keyword=null, pageable=Page request [number: 0, size 12, sort: UNSORTED]
2025-11-30T00:37:40.623+09:00 DEBUG 33388 --- [http-nio-8080-exec-6] o.s.s.w.a.AnonymousAuthenticationFilter  : Set SecurityContextHolder to anonymous SecurityContext
2025-11-30T00:37:40.623+09:00 DEBUG 33388 --- [http-nio-8080-exec-3] o.s.s.w.a.AnonymousAuthenticationFilter  : Set SecurityContextHolder to anonymous SecurityContext
2025-11-30T00:37:40.625+09:00  INFO 33388 --- [http-nio-8080-exec-5] c.e.s.d.p.s.impl.ProductServiceImpl      : ProductService.getProductList called with: categoryId=null, sort=null, minPrice=null, maxPrice=null, keyword=null, pageable=Page request [number: 0, size 12, sort: UNSORTED]
2025-11-30T00:37:40.626+09:00 DEBUG 33388 --- [http-nio-8080-exec-6] o.s.security.web.FilterChainProxy        : Secured GET /api/lightning-deals
2025-11-30T00:37:40.629+09:00 DEBUG 33388 --- [http-nio-8080-exec-3] o.s.security.web.FilterChainProxy        : Secured GET /api/reviews/recent
2025-11-30T00:37:40.630+09:00 DEBUG 33388 --- [http-nio-8080-exec-2] o.s.s.w.a.AnonymousAuthenticationFilter  : Set SecurityContextHolder to anonymous SecurityContext
2025-11-30T00:37:40.642+09:00 DEBUG 33388 --- [http-nio-8080-exec-2] o.s.s.w.a.Http403ForbiddenEntryPoint     : Pre-authenticated entry point called. Rejecting access
2025-11-30T00:37:40.650+09:00  INFO 33388 --- [http-nio-8080-exec-5] c.e.s.d.p.controller.ProductController   : getProducts result count: 3
2025-11-30T00:37:40.658+09:00 DEBUG 33388 --- [http-nio-8080-exec-9] o.s.security.web.FilterChainProxy        : Securing GET /api/cart
2025-11-30T00:37:40.658+09:00 DEBUG 33388 --- [http-nio-8080-exec-9] o.s.s.w.a.AnonymousAuthenticationFilter  : Set SecurityContextHolder to anonymous SecurityContext
2025-11-30T00:37:40.662+09:00 DEBUG 33388 --- [http-nio-8080-exec-8] o.s.security.web.FilterChainProxy        : Securing GET /api/orders
2025-11-30T00:37:40.661+09:00 DEBUG 33388 --- [http-nio-8080-exec-9] o.s.security.web.FilterChainProxy        : Secured GET /api/cart
2025-11-30T00:37:40.664+09:00 DEBUG 33388 --- [http-nio-8080-exec-8] o.s.s.w.a.AnonymousAuthenticationFilter  : Set SecurityContextHolder to anonymous SecurityContext
2025-11-30T00:37:40.666+09:00 DEBUG 33388 --- [http-nio-8080-exec-9] o.s.security.web.FilterChainProxy        : Securing GET /api/reviews/1
2025-11-30T00:37:40.666+09:00 DEBUG 33388 --- [http-nio-8080-exec-8] o.s.security.web.FilterChainProxy        : Secured GET /api/orders
2025-11-30T00:37:40.667+09:00 DEBUG 33388 --- [http-nio-8080-exec-9] o.s.s.w.a.AnonymousAuthenticationFilter  : Set SecurityContextHolder to anonymous SecurityContext
2025-11-30T00:37:40.671+09:00 DEBUG 33388 --- [http-nio-8080-exec-9] o.s.security.web.FilterChainProxy        : Secured GET /api/reviews/1
2025-11-30T00:37:41.070+09:00 DEBUG 33388 --- [http-nio-8080-exec-7] o.s.security.web.FilterChainProxy        : Securing GET /images/dea67809-91a7-43e3-9fa6-3d2969178841_1111.png
2025-11-30T00:37:41.076+09:00 DEBUG 33388 --- [http-nio-8080-exec-7] o.s.s.w.a.AnonymousAuthenticationFilter  : Set SecurityContextHolder to anonymous SecurityContext
2025-11-30T00:37:41.083+09:00 DEBUG 33388 --- [http-nio-8080-exec-7] o.s.security.web.FilterChainProxy        : Secured GET /images/dea67809-91a7-43e3-9fa6-3d2969178841_1111.png
2025-11-30T00:37:41.663+09:00 DEBUG 33388 --- [http-nio-8080-exec-10] o.s.security.web.FilterChainProxy        : Securing OPTIONS /api/cart
2025-11-30T00:37:41.664+09:00 DEBUG 33388 --- [http-nio-8080-exec-10] o.s.s.w.a.AnonymousAuthenticationFilter  : Set SecurityContextHolder to anonymous SecurityContext
2025-11-30T00:37:41.664+09:00 DEBUG 33388 --- [http-nio-8080-exec-1] o.s.security.web.FilterChainProxy        : Securing OPTIONS /api/members/me
2025-11-30T00:37:41.670+09:00 DEBUG 33388 --- [http-nio-8080-exec-2] o.s.security.web.FilterChainProxy        : Securing OPTIONS /api/members/me
2025-11-30T00:37:41.668+09:00 DEBUG 33388 --- [http-nio-8080-exec-6] o.s.security.web.FilterChainProxy        : Securing OPTIONS /api/cart
2025-11-30T00:37:41.670+09:00 DEBUG 33388 --- [http-nio-8080-exec-1] o.s.s.w.a.AnonymousAuthenticationFilter  : Set SecurityContextHolder to anonymous SecurityContext
2025-11-30T00:37:41.671+09:00 DEBUG 33388 --- [http-nio-8080-exec-2] o.s.s.w.a.AnonymousAuthenticationFilter  : Set SecurityContextHolder to anonymous SecurityContext
2025-11-30T00:37:41.672+09:00 DEBUG 33388 --- [http-nio-8080-exec-10] o.s.security.web.FilterChainProxy        : Secured OPTIONS /api/cart
2025-11-30T00:37:41.673+09:00 DEBUG 33388 --- [http-nio-8080-exec-6] o.s.s.w.a.AnonymousAuthenticationFilter  : Set SecurityContextHolder to anonymous SecurityContext
2025-11-30T00:37:41.680+09:00 DEBUG 33388 --- [http-nio-8080-exec-2] o.s.security.web.FilterChainProxy        : Secured OPTIONS /api/members/me
2025-11-30T00:37:41.681+09:00 DEBUG 33388 --- [http-nio-8080-exec-1] o.s.security.web.FilterChainProxy        : Secured OPTIONS /api/members/me
2025-11-30T00:37:41.684+09:00 DEBUG 33388 --- [http-nio-8080-exec-3] o.s.security.web.FilterChainProxy        : Securing GET /api/cart
2025-11-30T00:37:41.685+09:00 DEBUG 33388 --- [http-nio-8080-exec-6] o.s.security.web.FilterChainProxy        : Secured OPTIONS /api/cart
2025-11-30T00:37:41.690+09:00 DEBUG 33388 --- [http-nio-8080-exec-5] o.s.security.web.FilterChainProxy        : Securing GET /api/members/me
2025-11-30T00:37:41.690+09:00 DEBUG 33388 --- [http-nio-8080-exec-2] o.s.security.web.FilterChainProxy        : Securing GET /api/members/me
2025-11-30T00:37:41.690+09:00 DEBUG 33388 --- [http-nio-8080-exec-4] o.s.security.web.FilterChainProxy        : Securing GET /api/cart
2025-11-30T00:37:41.695+09:00 DEBUG 33388 --- [http-nio-8080-exec-3] o.s.s.w.a.AnonymousAuthenticationFilter  : Set SecurityContextHolder to anonymous SecurityContext
2025-11-30T00:37:41.702+09:00 DEBUG 33388 --- [http-nio-8080-exec-2] o.s.s.w.a.AnonymousAuthenticationFilter  : Set SecurityContextHolder to anonymous SecurityContext
2025-11-30T00:37:41.703+09:00 DEBUG 33388 --- [http-nio-8080-exec-3] o.s.security.web.FilterChainProxy        : Secured GET /api/cart
2025-11-30T00:37:41.705+09:00 DEBUG 33388 --- [http-nio-8080-exec-4] o.s.s.w.a.AnonymousAuthenticationFilter  : Set SecurityContextHolder to anonymous SecurityContext
2025-11-30T00:37:41.704+09:00 DEBUG 33388 --- [http-nio-8080-exec-5] o.s.s.w.a.AnonymousAuthenticationFilter  : Set SecurityContextHolder to anonymous SecurityContext
2025-11-30T00:37:41.709+09:00 DEBUG 33388 --- [http-nio-8080-exec-4] o.s.security.web.FilterChainProxy        : Secured GET /api/cart
2025-11-30T00:37:41.711+09:00 DEBUG 33388 --- [http-nio-8080-exec-2] o.s.security.web.FilterChainProxy        : Secured GET /api/members/me
2025-11-30T00:37:41.721+09:00 DEBUG 33388 --- [http-nio-8080-exec-5] o.s.security.web.FilterChainProxy        : Secured GET /api/members/me
2025-11-30T00:39:02.548+09:00 DEBUG 33388 --- [http-nio-8080-exec-9] o.s.security.web.FilterChainProxy        : Securing GET /api/products?page=0&size=12
2025-11-30T00:39:02.549+09:00 DEBUG 33388 --- [http-nio-8080-exec-7] o.s.security.web.FilterChainProxy        : Securing GET /api/keywords/recommended
2025-11-30T00:39:02.549+09:00 DEBUG 33388 --- [http-nio-8080-exec-7] o.s.s.w.a.AnonymousAuthenticationFilter  : Set SecurityContextHolder to anonymous SecurityContext
2025-11-30T00:39:02.549+09:00 DEBUG 33388 --- [http-nio-8080-exec-10] o.s.security.web.FilterChainProxy        : Securing GET /api/lightning-deals
2025-11-30T00:39:02.549+09:00 DEBUG 33388 --- [http-nio-8080-exec-9] o.s.s.w.a.AnonymousAuthenticationFilter  : Set SecurityContextHolder to anonymous SecurityContext
2025-11-30T00:39:02.549+09:00 DEBUG 33388 --- [http-nio-8080-exec-10] o.s.s.w.a.AnonymousAuthenticationFilter  : Set SecurityContextHolder to anonymous SecurityContext
2025-11-30T00:39:02.549+09:00 DEBUG 33388 --- [http-nio-8080-exec-1] o.s.security.web.FilterChainProxy        : Securing GET /api/reviews/recent
2025-11-30T00:39:02.549+09:00 DEBUG 33388 --- [http-nio-8080-exec-7] o.s.security.web.FilterChainProxy        : Secured GET /api/keywords/recommended
2025-11-30T00:39:02.548+09:00 DEBUG 33388 --- [http-nio-8080-exec-8] o.s.security.web.FilterChainProxy        : Securing GET /api/categories
2025-11-30T00:39:02.550+09:00 DEBUG 33388 --- [http-nio-8080-exec-9] o.s.security.web.FilterChainProxy        : Secured GET /api/products?page=0&size=12
2025-11-30T00:39:02.550+09:00 DEBUG 33388 --- [http-nio-8080-exec-10] o.s.security.web.FilterChainProxy        : Secured GET /api/lightning-deals
2025-11-30T00:39:02.550+09:00 DEBUG 33388 --- [http-nio-8080-exec-1] o.s.s.w.a.AnonymousAuthenticationFilter  : Set SecurityContextHolder to anonymous SecurityContext
2025-11-30T00:39:02.550+09:00 DEBUG 33388 --- [http-nio-8080-exec-8] o.s.s.w.a.AnonymousAuthenticationFilter  : Set SecurityContextHolder to anonymous SecurityContext
2025-11-30T00:39:02.551+09:00 DEBUG 33388 --- [http-nio-8080-exec-1] o.s.security.web.FilterChainProxy        : Secured GET /api/reviews/recent
2025-11-30T00:39:02.551+09:00  INFO 33388 --- [http-nio-8080-exec-9] c.e.s.d.p.controller.ProductController   : getProducts called: categoryId=null, minPrice=null, maxPrice=null, keyword=null, pageable=Page request [number: 0, size 12, sort: UNSORTED]
2025-11-30T00:39:02.552+09:00 DEBUG 33388 --- [http-nio-8080-exec-8] o.s.s.w.a.Http403ForbiddenEntryPoint     : Pre-authenticated entry point called. Rejecting access
2025-11-30T00:39:02.552+09:00  INFO 33388 --- [http-nio-8080-exec-9] c.e.s.d.p.s.impl.ProductServiceImpl      : ProductService.getProductList called with: categoryId=null, sort=null, minPrice=null, maxPrice=null, keyword=null, pageable=Page request [number: 0, size 12, sort: UNSORTED]
2025-11-30T00:39:02.552+09:00 DEBUG 33388 --- [http-nio-8080-exec-8] o.s.security.web.FilterChainProxy        : Securing GET /error
2025-11-30T00:39:02.556+09:00 DEBUG 33388 --- [http-nio-8080-exec-8] o.s.s.w.a.AnonymousAuthenticationFilter  : Set SecurityContextHolder to anonymous SecurityContext
2025-11-30T00:39:02.556+09:00 DEBUG 33388 --- [http-nio-8080-exec-8] o.s.s.w.a.Http403ForbiddenEntryPoint     : Pre-authenticated entry point called. Rejecting access
2025-11-30T00:39:02.560+09:00  INFO 33388 --- [http-nio-8080-exec-9] c.e.s.d.p.controller.ProductController   : getProducts result count: 3
2025-11-30T00:39:02.568+09:00 DEBUG 33388 --- [http-nio-8080-exec-6] o.s.security.web.FilterChainProxy        : Securing GET /api/cart
2025-11-30T00:39:02.568+09:00 DEBUG 33388 --- [http-nio-8080-exec-6] o.s.s.w.a.AnonymousAuthenticationFilter  : Set SecurityContextHolder to anonymous SecurityContext
2025-11-30T00:39:02.568+09:00 DEBUG 33388 --- [http-nio-8080-exec-3] o.s.security.web.FilterChainProxy        : Securing GET /api/orders
2025-11-30T00:39:02.569+09:00 DEBUG 33388 --- [http-nio-8080-exec-3] o.s.s.w.a.AnonymousAuthenticationFilter  : Set SecurityContextHolder to anonymous SecurityContext
2025-11-30T00:39:02.569+09:00 DEBUG 33388 --- [http-nio-8080-exec-6] o.s.security.web.FilterChainProxy        : Secured GET /api/cart
2025-11-30T00:39:02.569+09:00 DEBUG 33388 --- [http-nio-8080-exec-3] o.s.security.web.FilterChainProxy        : Secured GET /api/orders
2025-11-30T00:39:02.569+09:00 DEBUG 33388 --- [http-nio-8080-exec-4] o.s.security.web.FilterChainProxy        : Securing GET /api/reviews/1
2025-11-30T00:39:02.571+09:00 DEBUG 33388 --- [http-nio-8080-exec-4] o.s.s.w.a.AnonymousAuthenticationFilter  : Set SecurityContextHolder to anonymous SecurityContext
2025-11-30T00:39:02.573+09:00 DEBUG 33388 --- [http-nio-8080-exec-4] o.s.security.web.FilterChainProxy        : Secured GET /api/reviews/1
2025-11-30T00:45:06.381+09:00 DEBUG 33388 --- [http-nio-8080-exec-8] o.s.security.web.FilterChainProxy        : Securing GET /api/admin/users
2025-11-30T00:45:06.381+09:00 DEBUG 33388 --- [http-nio-8080-exec-8] o.s.s.w.a.AnonymousAuthenticationFilter  : Set SecurityContextHolder to anonymous SecurityContext
2025-11-30T00:45:06.384+09:00 DEBUG 33388 --- [http-nio-8080-exec-8] o.s.security.web.FilterChainProxy        : Secured GET /api/admin/users
2025-11-30T00:50:27.172+09:00 DEBUG 33388 --- [http-nio-8080-exec-4] o.s.security.web.FilterChainProxy        : Securing GET /api/products?page=0&size=12
2025-11-30T00:50:27.172+09:00 DEBUG 33388 --- [http-nio-8080-exec-3] o.s.security.web.FilterChainProxy        : Securing GET /api/keywords/recommended
2025-11-30T00:50:27.172+09:00 DEBUG 33388 --- [http-nio-8080-exec-2] o.s.security.web.FilterChainProxy        : Securing GET /api/lightning-deals
2025-11-30T00:50:27.172+09:00 DEBUG 33388 --- [http-nio-8080-exec-6] o.s.security.web.FilterChainProxy        : Securing GET /api/categories
2025-11-30T00:50:27.173+09:00 DEBUG 33388 --- [http-nio-8080-exec-3] o.s.s.w.a.AnonymousAuthenticationFilter  : Set SecurityContextHolder to anonymous SecurityContext
2025-11-30T00:50:27.172+09:00 DEBUG 33388 --- [http-nio-8080-exec-5] o.s.security.web.FilterChainProxy        : Securing GET /api/reviews/recent
2025-11-30T00:50:27.173+09:00 DEBUG 33388 --- [http-nio-8080-exec-4] o.s.s.w.a.AnonymousAuthenticationFilter  : Set SecurityContextHolder to anonymous SecurityContext
2025-11-30T00:50:27.173+09:00 DEBUG 33388 --- [http-nio-8080-exec-2] o.s.s.w.a.AnonymousAuthenticationFilter  : Set SecurityContextHolder to anonymous SecurityContext
2025-11-30T00:50:27.173+09:00 DEBUG 33388 --- [http-nio-8080-exec-6] o.s.s.w.a.AnonymousAuthenticationFilter  : Set SecurityContextHolder to anonymous SecurityContext
2025-11-30T00:50:27.174+09:00 DEBUG 33388 --- [http-nio-8080-exec-5] o.s.s.w.a.AnonymousAuthenticationFilter  : Set SecurityContextHolder to anonymous SecurityContext
2025-11-30T00:50:27.175+09:00 DEBUG 33388 --- [http-nio-8080-exec-4] o.s.security.web.FilterChainProxy        : Secured GET /api/products?page=0&size=12
2025-11-30T00:50:27.175+09:00 DEBUG 33388 --- [http-nio-8080-exec-2] o.s.security.web.FilterChainProxy        : Secured GET /api/lightning-deals
2025-11-30T00:50:27.176+09:00 DEBUG 33388 --- [http-nio-8080-exec-3] o.s.security.web.FilterChainProxy        : Secured GET /api/keywords/recommended
2025-11-30T00:50:27.176+09:00 DEBUG 33388 --- [http-nio-8080-exec-5] o.s.security.web.FilterChainProxy        : Secured GET /api/reviews/recent
2025-11-30T00:50:27.177+09:00 DEBUG 33388 --- [http-nio-8080-exec-6] o.s.s.w.a.Http403ForbiddenEntryPoint     : Pre-authenticated entry point called. Rejecting access
2025-11-30T00:50:27.179+09:00  INFO 33388 --- [http-nio-8080-exec-4] c.e.s.d.p.controller.ProductController   : getProducts called: categoryId=null, minPrice=null, maxPrice=null, keyword=null, pageable=Page request [number: 0, size 12, sort: UNSORTED]
2025-11-30T00:50:27.179+09:00 DEBUG 33388 --- [http-nio-8080-exec-6] o.s.security.web.FilterChainProxy        : Securing GET /error
2025-11-30T00:50:27.187+09:00  INFO 33388 --- [http-nio-8080-exec-4] c.e.s.d.p.s.impl.ProductServiceImpl      : ProductService.getProductList called with: categoryId=null, sort=null, minPrice=null, maxPrice=null, keyword=null, pageable=Page request [number: 0, size 12, sort: UNSORTED]
2025-11-30T00:50:27.193+09:00 DEBUG 33388 --- [http-nio-8080-exec-6] o.s.s.w.a.AnonymousAuthenticationFilter  : Set SecurityContextHolder to anonymous SecurityContext
2025-11-30T00:50:27.195+09:00 DEBUG 33388 --- [http-nio-8080-exec-6] o.s.s.w.a.Http403ForbiddenEntryPoint     : Pre-authenticated entry point called. Rejecting access
2025-11-30T00:50:27.206+09:00  INFO 33388 --- [http-nio-8080-exec-4] c.e.s.d.p.controller.ProductController   : getProducts result count: 3
2025-11-30T00:50:27.221+09:00 DEBUG 33388 --- [http-nio-8080-exec-10] o.s.security.web.FilterChainProxy        : Securing GET /api/cart
2025-11-30T00:50:27.221+09:00 DEBUG 33388 --- [http-nio-8080-exec-10] o.s.s.w.a.AnonymousAuthenticationFilter  : Set SecurityContextHolder to anonymous SecurityContext
2025-11-30T00:50:27.223+09:00 DEBUG 33388 --- [http-nio-8080-exec-7] o.s.security.web.FilterChainProxy        : Securing GET /api/orders
2025-11-30T00:50:27.223+09:00 DEBUG 33388 --- [http-nio-8080-exec-7] o.s.s.w.a.AnonymousAuthenticationFilter  : Set SecurityContextHolder to anonymous SecurityContext
2025-11-30T00:50:27.223+09:00 DEBUG 33388 --- [http-nio-8080-exec-10] o.s.security.web.FilterChainProxy        : Secured GET /api/cart
2025-11-30T00:50:27.224+09:00 DEBUG 33388 --- [http-nio-8080-exec-7] o.s.security.web.FilterChainProxy        : Secured GET /api/orders
2025-11-30T00:50:27.224+09:00 DEBUG 33388 --- [http-nio-8080-exec-1] o.s.security.web.FilterChainProxy        : Securing GET /api/reviews/1
2025-11-30T00:50:27.224+09:00 DEBUG 33388 --- [http-nio-8080-exec-1] o.s.s.w.a.AnonymousAuthenticationFilter  : Set SecurityContextHolder to anonymous SecurityContext
2025-11-30T00:50:27.227+09:00 DEBUG 33388 --- [http-nio-8080-exec-1] o.s.security.web.FilterChainProxy        : Secured GET /api/reviews/1
2025-11-30T00:50:27.703+09:00 DEBUG 33388 --- [http-nio-8080-exec-8] o.s.security.web.FilterChainProxy        : Securing GET /images/dea67809-91a7-43e3-9fa6-3d2969178841_1111.png
2025-11-30T00:50:27.704+09:00 DEBUG 33388 --- [http-nio-8080-exec-8] o.s.s.w.a.AnonymousAuthenticationFilter  : Set SecurityContextHolder to anonymous SecurityContext
2025-11-30T00:50:27.708+09:00 DEBUG 33388 --- [http-nio-8080-exec-8] o.s.security.web.FilterChainProxy        : Secured GET /images/dea67809-91a7-43e3-9fa6-3d2969178841_1111.png
2025-11-30T00:50:28.407+09:00 DEBUG 33388 --- [http-nio-8080-exec-9] o.s.security.web.FilterChainProxy        : Securing OPTIONS /api/cart
2025-11-30T00:50:28.409+09:00 DEBUG 33388 --- [http-nio-8080-exec-9] o.s.s.w.a.AnonymousAuthenticationFilter  : Set SecurityContextHolder to anonymous SecurityContext
2025-11-30T00:50:28.414+09:00 DEBUG 33388 --- [http-nio-8080-exec-9] o.s.security.web.FilterChainProxy        : Secured OPTIONS /api/cart
2025-11-30T00:50:28.423+09:00 DEBUG 33388 --- [http-nio-8080-exec-2] o.s.security.web.FilterChainProxy        : Securing GET /api/cart
2025-11-30T00:50:28.430+09:00 DEBUG 33388 --- [http-nio-8080-exec-3] o.s.security.web.FilterChainProxy        : Securing OPTIONS /api/members/me
2025-11-30T00:50:28.431+09:00 DEBUG 33388 --- [http-nio-8080-exec-2] o.s.s.w.a.AnonymousAuthenticationFilter  : Set SecurityContextHolder to anonymous SecurityContext
2025-11-30T00:50:28.431+09:00 DEBUG 33388 --- [http-nio-8080-exec-3] o.s.s.w.a.AnonymousAuthenticationFilter  : Set SecurityContextHolder to anonymous SecurityContext
2025-11-30T00:50:28.434+09:00 DEBUG 33388 --- [http-nio-8080-exec-2] o.s.security.web.FilterChainProxy        : Secured GET /api/cart
2025-11-30T00:50:28.438+09:00 DEBUG 33388 --- [http-nio-8080-exec-3] o.s.security.web.FilterChainProxy        : Secured OPTIONS /api/members/me
2025-11-30T00:50:28.444+09:00 DEBUG 33388 --- [http-nio-8080-exec-5] o.s.security.web.FilterChainProxy        : Securing GET /api/members/me
2025-11-30T00:50:28.449+09:00 DEBUG 33388 --- [http-nio-8080-exec-5] o.s.s.w.a.AnonymousAuthenticationFilter  : Set SecurityContextHolder to anonymous SecurityContext
2025-11-30T00:50:28.451+09:00 DEBUG 33388 --- [http-nio-8080-exec-5] o.s.security.web.FilterChainProxy        : Secured GET /api/members/me
2025-11-30T00:50:28.462+09:00 DEBUG 33388 --- [http-nio-8080-exec-6] o.s.security.web.FilterChainProxy        : Securing OPTIONS /api/cart
2025-11-30T00:50:28.462+09:00 DEBUG 33388 --- [http-nio-8080-exec-4] o.s.security.web.FilterChainProxy        : Securing OPTIONS /api/members/me
2025-11-30T00:50:28.462+09:00 DEBUG 33388 --- [http-nio-8080-exec-6] o.s.s.w.a.AnonymousAuthenticationFilter  : Set SecurityContextHolder to anonymous SecurityContext
2025-11-30T00:50:28.463+09:00 DEBUG 33388 --- [http-nio-8080-exec-4] o.s.s.w.a.AnonymousAuthenticationFilter  : Set SecurityContextHolder to anonymous SecurityContext
2025-11-30T00:50:28.465+09:00 DEBUG 33388 --- [http-nio-8080-exec-6] o.s.security.web.FilterChainProxy        : Secured OPTIONS /api/cart
2025-11-30T00:50:28.465+09:00 DEBUG 33388 --- [http-nio-8080-exec-4] o.s.security.web.FilterChainProxy        : Secured OPTIONS /api/members/me
2025-11-30T00:50:28.468+09:00 DEBUG 33388 --- [http-nio-8080-exec-10] o.s.security.web.FilterChainProxy        : Securing GET /api/cart
2025-11-30T00:50:28.471+09:00 DEBUG 33388 --- [http-nio-8080-exec-1] o.s.security.web.FilterChainProxy        : Securing GET /api/members/me
2025-11-30T00:50:28.472+09:00 DEBUG 33388 --- [http-nio-8080-exec-10] o.s.s.w.a.AnonymousAuthenticationFilter  : Set SecurityContextHolder to anonymous SecurityContext
2025-11-30T00:50:28.473+09:00 DEBUG 33388 --- [http-nio-8080-exec-10] o.s.security.web.FilterChainProxy        : Secured GET /api/cart
2025-11-30T00:50:28.474+09:00 DEBUG 33388 --- [http-nio-8080-exec-1] o.s.s.w.a.AnonymousAuthenticationFilter  : Set SecurityContextHolder to anonymous SecurityContext
2025-11-30T00:50:28.474+09:00 DEBUG 33388 --- [http-nio-8080-exec-1] o.s.security.web.FilterChainProxy        : Secured GET /api/members/me
2025-11-30T00:54:35.232+09:00 DEBUG 33388 --- [http-nio-8080-exec-10] o.s.security.web.FilterChainProxy        : Securing GET /api/admin/promotions
2025-11-30T00:54:35.241+09:00 DEBUG 33388 --- [http-nio-8080-exec-10] o.s.s.w.a.AnonymousAuthenticationFilter  : Set SecurityContextHolder to anonymous SecurityContext
2025-11-30T00:54:35.256+09:00 DEBUG 33388 --- [http-nio-8080-exec-10] o.s.security.web.FilterChainProxy        : Secured GET /api/admin/promotions
2025-11-30T00:54:35.352+09:00 DEBUG 33388 --- [http-nio-8080-exec-10] o.s.security.web.FilterChainProxy        : Securing GET /error
2025-11-30T00:54:35.387+09:00 DEBUG 33388 --- [http-nio-8080-exec-10] o.s.s.w.a.AnonymousAuthenticationFilter  : Set SecurityContextHolder to anonymous SecurityContext
2025-11-30T00:54:35.410+09:00 DEBUG 33388 --- [http-nio-8080-exec-10] o.s.s.w.a.Http403ForbiddenEntryPoint     : Pre-authenticated entry point called. Rejecting access
2025-11-30T00:54:59.742+09:00 DEBUG 33388 --- [http-nio-8080-exec-1] o.s.security.web.FilterChainProxy        : Securing GET /api/admin/users
2025-11-30T00:54:59.743+09:00 DEBUG 33388 --- [http-nio-8080-exec-1] o.s.s.w.a.AnonymousAuthenticationFilter  : Set SecurityContextHolder to anonymous SecurityContext
2025-11-30T00:54:59.747+09:00 DEBUG 33388 --- [http-nio-8080-exec-1] o.s.security.web.FilterChainProxy        : Secured GET /api/admin/users
2025-11-30T00:55:01.463+09:00 DEBUG 33388 --- [http-nio-8080-exec-7] o.s.security.web.FilterChainProxy        : Securing GET /api/admin/promotions
2025-11-30T00:55:01.467+09:00 DEBUG 33388 --- [http-nio-8080-exec-7] o.s.s.w.a.AnonymousAuthenticationFilter  : Set SecurityContextHolder to anonymous SecurityContext
2025-11-30T00:55:01.470+09:00 DEBUG 33388 --- [http-nio-8080-exec-7] o.s.security.web.FilterChainProxy        : Secured GET /api/admin/promotions
2025-11-30T00:55:01.496+09:00 DEBUG 33388 --- [http-nio-8080-exec-7] o.s.security.web.FilterChainProxy        : Securing GET /error
2025-11-30T00:55:01.508+09:00 DEBUG 33388 --- [http-nio-8080-exec-7] o.s.s.w.a.AnonymousAuthenticationFilter  : Set SecurityContextHolder to anonymous SecurityContext
2025-11-30T00:55:01.510+09:00 DEBUG 33388 --- [http-nio-8080-exec-7] o.s.s.w.a.Http403ForbiddenEntryPoint     : Pre-authenticated entry point called. Rejecting access
2025-11-30T00:55:01.513+09:00 DEBUG 33388 --- [http-nio-8080-exec-8] o.s.security.web.FilterChainProxy        : Securing GET /api/admin/promotions
2025-11-30T00:55:01.516+09:00 DEBUG 33388 --- [http-nio-8080-exec-8] o.s.s.w.a.AnonymousAuthenticationFilter  : Set SecurityContextHolder to anonymous SecurityContext
2025-11-30T00:55:01.519+09:00 DEBUG 33388 --- [http-nio-8080-exec-8] o.s.security.web.FilterChainProxy        : Secured GET /api/admin/promotions
2025-11-30T00:55:01.523+09:00 DEBUG 33388 --- [http-nio-8080-exec-8] o.s.security.web.FilterChainProxy        : Securing GET /error
2025-11-30T00:55:01.531+09:00 DEBUG 33388 --- [http-nio-8080-exec-8] o.s.s.w.a.AnonymousAuthenticationFilter  : Set SecurityContextHolder to anonymous SecurityContext
2025-11-30T00:55:01.535+09:00 DEBUG 33388 --- [http-nio-8080-exec-8] o.s.s.w.a.Http403ForbiddenEntryPoint     : Pre-authenticated entry point called. Rejecting access
2025-11-30T00:55:03.451+09:00 DEBUG 33388 --- [http-nio-8080-exec-9] o.s.security.web.FilterChainProxy        : Securing GET /api/admin/users
2025-11-30T00:55:03.452+09:00 DEBUG 33388 --- [http-nio-8080-exec-9] o.s.s.w.a.AnonymousAuthenticationFilter  : Set SecurityContextHolder to anonymous SecurityContext
2025-11-30T00:55:03.453+09:00 DEBUG 33388 --- [http-nio-8080-exec-9] o.s.security.web.FilterChainProxy        : Secured GET /api/admin/users
2025-11-30T00:55:06.854+09:00 DEBUG 33388 --- [http-nio-8080-exec-2] o.s.security.web.FilterChainProxy        : Securing GET /api/admin/promotions
2025-11-30T00:55:06.856+09:00 DEBUG 33388 --- [http-nio-8080-exec-2] o.s.s.w.a.AnonymousAuthenticationFilter  : Set SecurityContextHolder to anonymous SecurityContext
2025-11-30T00:55:06.857+09:00 DEBUG 33388 --- [http-nio-8080-exec-2] o.s.security.web.FilterChainProxy        : Secured GET /api/admin/promotions
2025-11-30T00:55:06.868+09:00 DEBUG 33388 --- [http-nio-8080-exec-2] o.s.security.web.FilterChainProxy        : Securing GET /error
2025-11-30T00:55:06.875+09:00 DEBUG 33388 --- [http-nio-8080-exec-2] o.s.s.w.a.AnonymousAuthenticationFilter  : Set SecurityContextHolder to anonymous SecurityContext
2025-11-30T00:55:06.876+09:00 DEBUG 33388 --- [http-nio-8080-exec-2] o.s.s.w.a.Http403ForbiddenEntryPoint     : Pre-authenticated entry point called. Rejecting access
2025-11-30T00:55:06.882+09:00 DEBUG 33388 --- [http-nio-8080-exec-3] o.s.security.web.FilterChainProxy        : Securing GET /api/admin/promotions
2025-11-30T00:55:06.883+09:00 DEBUG 33388 --- [http-nio-8080-exec-3] o.s.s.w.a.AnonymousAuthenticationFilter  : Set SecurityContextHolder to anonymous SecurityContext
2025-11-30T00:55:06.886+09:00 DEBUG 33388 --- [http-nio-8080-exec-3] o.s.security.web.FilterChainProxy        : Secured GET /api/admin/promotions
2025-11-30T00:55:06.889+09:00 DEBUG 33388 --- [http-nio-8080-exec-3] o.s.security.web.FilterChainProxy        : Securing GET /error
2025-11-30T00:55:06.896+09:00 DEBUG 33388 --- [http-nio-8080-exec-3] o.s.s.w.a.AnonymousAuthenticationFilter  : Set SecurityContextHolder to anonymous SecurityContext
2025-11-30T00:55:06.896+09:00 DEBUG 33388 --- [http-nio-8080-exec-3] o.s.s.w.a.Http403ForbiddenEntryPoint     : Pre-authenticated entry point called. Rejecting access
2025-11-30T00:55:24.932+09:00 DEBUG 33388 --- [http-nio-8080-exec-5] o.s.security.web.FilterChainProxy        : Securing OPTIONS /api/admin/promotions
2025-11-30T00:55:24.935+09:00 DEBUG 33388 --- [http-nio-8080-exec-5] o.s.s.w.a.AnonymousAuthenticationFilter  : Set SecurityContextHolder to anonymous SecurityContext
2025-11-30T00:55:24.941+09:00 DEBUG 33388 --- [http-nio-8080-exec-5] o.s.security.web.FilterChainProxy        : Secured OPTIONS /api/admin/promotions
2025-11-30T00:55:24.952+09:00 DEBUG 33388 --- [http-nio-8080-exec-6] o.s.security.web.FilterChainProxy        : Securing POST /api/admin/promotions
2025-11-30T00:55:24.954+09:00 DEBUG 33388 --- [http-nio-8080-exec-6] o.s.s.w.a.AnonymousAuthenticationFilter  : Set SecurityContextHolder to anonymous SecurityContext
2025-11-30T00:55:24.956+09:00 DEBUG 33388 --- [http-nio-8080-exec-6] o.s.security.web.FilterChainProxy        : Secured POST /api/admin/promotions
2025-11-30T00:55:24.964+09:00 DEBUG 33388 --- [http-nio-8080-exec-6] o.s.security.web.FilterChainProxy        : Securing POST /error
2025-11-30T00:55:24.971+09:00 DEBUG 33388 --- [http-nio-8080-exec-6] o.s.s.w.a.AnonymousAuthenticationFilter  : Set SecurityContextHolder to anonymous SecurityContext
2025-11-30T00:55:24.973+09:00 DEBUG 33388 --- [http-nio-8080-exec-6] o.s.s.w.a.Http403ForbiddenEntryPoint     : Pre-authenticated entry point called. Rejecting access
2025-11-30T00:55:33.636+09:00 DEBUG 33388 --- [http-nio-8080-exec-4] o.s.security.web.FilterChainProxy        : Securing GET /api/admin/promotions
2025-11-30T00:55:33.636+09:00 DEBUG 33388 --- [http-nio-8080-exec-4] o.s.s.w.a.AnonymousAuthenticationFilter  : Set SecurityContextHolder to anonymous SecurityContext
2025-11-30T00:55:33.637+09:00 DEBUG 33388 --- [http-nio-8080-exec-4] o.s.security.web.FilterChainProxy        : Secured GET /api/admin/promotions
2025-11-30T00:55:33.641+09:00 DEBUG 33388 --- [http-nio-8080-exec-4] o.s.security.web.FilterChainProxy        : Securing GET /error
2025-11-30T00:55:33.645+09:00 DEBUG 33388 --- [http-nio-8080-exec-4] o.s.s.w.a.AnonymousAuthenticationFilter  : Set SecurityContextHolder to anonymous SecurityContext
2025-11-30T00:55:33.647+09:00 DEBUG 33388 --- [http-nio-8080-exec-4] o.s.s.w.a.Http403ForbiddenEntryPoint     : Pre-authenticated entry point called. Rejecting access
2025-11-30T00:55:56.750+09:00 DEBUG 33388 --- [http-nio-8080-exec-10] o.s.security.web.FilterChainProxy        : Securing POST /api/admin/promotions
2025-11-30T00:55:56.751+09:00 DEBUG 33388 --- [http-nio-8080-exec-10] o.s.s.w.a.AnonymousAuthenticationFilter  : Set SecurityContextHolder to anonymous SecurityContext
2025-11-30T00:55:56.753+09:00 DEBUG 33388 --- [http-nio-8080-exec-10] o.s.security.web.FilterChainProxy        : Secured POST /api/admin/promotions
2025-11-30T00:55:56.759+09:00 DEBUG 33388 --- [http-nio-8080-exec-10] o.s.security.web.FilterChainProxy        : Securing POST /error
2025-11-30T00:55:56.766+09:00 DEBUG 33388 --- [http-nio-8080-exec-10] o.s.s.w.a.AnonymousAuthenticationFilter  : Set SecurityContextHolder to anonymous SecurityContext
2025-11-30T00:55:56.767+09:00 DEBUG 33388 --- [http-nio-8080-exec-10] o.s.s.w.a.Http403ForbiddenEntryPoint     : Pre-authenticated entry point called. Rejecting access
2025-11-30T01:02:01.326+09:00 DEBUG 33388 --- [http-nio-8080-exec-7] o.s.security.web.FilterChainProxy        : Securing POST /api/admin/promotions
2025-11-30T01:02:01.331+09:00 DEBUG 33388 --- [http-nio-8080-exec-7] o.s.s.w.a.AnonymousAuthenticationFilter  : Set SecurityContextHolder to anonymous SecurityContext
2025-11-30T01:02:01.336+09:00 DEBUG 33388 --- [http-nio-8080-exec-7] o.s.security.web.FilterChainProxy        : Secured POST /api/admin/promotions
2025-11-30T01:02:01.348+09:00 DEBUG 33388 --- [http-nio-8080-exec-7] o.s.security.web.FilterChainProxy        : Securing POST /error
2025-11-30T01:02:01.352+09:00 DEBUG 33388 --- [http-nio-8080-exec-7] o.s.s.w.a.AnonymousAuthenticationFilter  : Set SecurityContextHolder to anonymous SecurityContext
2025-11-30T01:02:01.356+09:00 DEBUG 33388 --- [http-nio-8080-exec-7] o.s.s.w.a.Http403ForbiddenEntryPoint     : Pre-authenticated entry point called. Rejecting access
